// Jest Snapshot v1, https://goo.gl/fbAQLP

exports[`Navbar should match the snapshot 1`] = `
<div>
  <div
    class="jsx-2530531754"
  >
    <ul
      class="jsx-2530531754"
    >
      <li
        class="jsx-2530531754"
      >
        <a
          class="jsx-2530531754"
          href="/"
        >
          Home
        </a>
      </li>
      <li
        class="jsx-2530531754"
      >
        <a
          class="jsx-2530531754"
          href="/about"
        >
           About
        </a>
      </li>
    </ul>
  </div>
</div>
`;
